// Jest Snapshot v1, https://goo.gl/fbAQLP

exports[`Render Spinner component render correctly  1`] = `ReactWrapper {}`;

exports[`Render Spinner component render correctly with context 1`] = `ReactWrapper {}`;

exports[`Render Spinner render correctly Spinner component 1`] = `ReactWrapper {}`;
